<?xml version="1.0" encoding="utf-8"?><testsuites><testsuite name="pytest" errors="0" failures="0" skipped="0" tests="3" time="22.488" timestamp="2023-04-16T10:54:06.175292" hostname="DESKTOP-J8MVCCP"><testcase classname="test_HomePage.TestHomePage" name="test_formSubmission[getData0]" time="8.129" /><testcase classname="test_HomePage.TestHomePage" name="test_formSubmission[getData1]" time="1.755" /><testcase classname="test_e2e.TestOne" name="test_e2e" time="12.437" /></testsuite></testsuites>